Archive member included to satisfy reference by file (symbol)

c:/nxp/mcuxpressoide_10.1.1_606/ide/tools/bin/../lib/gcc/arm-none-eabi/6.3.1/../../../../arm-none-eabi/lib/thumb/v7e-m/fpv4-sp/hard\libcr_nohost_nf.a(_cr__main.o)
                              ./startup/startup_mk64f12.o (__main)
c:/nxp/mcuxpressoide_10.1.1_606/ide/tools/bin/../lib/gcc/arm-none-eabi/6.3.1/../../../../arm-none-eabi/lib/thumb/v7e-m/fpv4-sp/hard\libcr_nohost_nf.a(_cr_assert.o)
                              ./utilities/fsl_debug_console.o (__assertion_failed)
c:/nxp/mcuxpressoide_10.1.1_606/ide/tools/bin/../lib/gcc/arm-none-eabi/6.3.1/../../../../arm-none-eabi/lib/thumb/v7e-m/fpv4-sp/hard\libcr_nohost_nf.a(__ciob.o)
                              c:/nxp/mcuxpressoide_10.1.1_606/ide/tools/bin/../lib/gcc/arm-none-eabi/6.3.1/../../../../arm-none-eabi/lib/thumb/v7e-m/fpv4-sp/hard\libcr_nohost_nf.a(_cr_assert.o) (__Ciob)
c:/nxp/mcuxpressoide_10.1.1_606/ide/tools/bin/../lib/gcc/arm-none-eabi/6.3.1/../../../../arm-none-eabi/lib/thumb/v7e-m/fpv4-sp/hard\libcr_nohost_nf.a(__sys_appexit.o)
                              c:/nxp/mcuxpressoide_10.1.1_606/ide/tools/bin/../lib/gcc/arm-none-eabi/6.3.1/../../../../arm-none-eabi/lib/thumb/v7e-m/fpv4-sp/hard\libcr_nohost_nf.a(_cr_assert.o) (__sys_appexit)
c:/nxp/mcuxpressoide_10.1.1_606/ide/tools/bin/../lib/gcc/arm-none-eabi/6.3.1/../../../../arm-none-eabi/lib/thumb/v7e-m/fpv4-sp/hard\libcr_c.a(memcpy.o)
                              ./drivers/fsl_flash.o (memcpy)
c:/nxp/mcuxpressoide_10.1.1_606/ide/tools/bin/../lib/gcc/arm-none-eabi/6.3.1/../../../../arm-none-eabi/lib/thumb/v7e-m/fpv4-sp/hard\libcr_c.a(memset.o)
                              ./utilities/fsl_debug_console.o (memset)
c:/nxp/mcuxpressoide_10.1.1_606/ide/tools/bin/../lib/gcc/arm-none-eabi/6.3.1/../../../../arm-none-eabi/lib/thumb/v7e-m/fpv4-sp/hard\libcr_c.a(_deferredlazyseek.o)
                              c:/nxp/mcuxpressoide_10.1.1_606/ide/tools/bin/../lib/gcc/arm-none-eabi/6.3.1/../../../../arm-none-eabi/lib/thumb/v7e-m/fpv4-sp/hard\libcr_nohost_nf.a(_cr_assert.o) (__flsbuf)
c:/nxp/mcuxpressoide_10.1.1_606/ide/tools/bin/../lib/gcc/arm-none-eabi/6.3.1/../../../../arm-none-eabi/lib/thumb/v7e-m/fpv4-sp/hard\libcr_c.a(_fflush.o)
                              c:/nxp/mcuxpressoide_10.1.1_606/ide/tools/bin/../lib/gcc/arm-none-eabi/6.3.1/../../../../arm-none-eabi/lib/thumb/v7e-m/fpv4-sp/hard\libcr_c.a(_deferredlazyseek.o) (_fflush)
c:/nxp/mcuxpressoide_10.1.1_606/ide/tools/bin/../lib/gcc/arm-none-eabi/6.3.1/../../../../arm-none-eabi/lib/thumb/v7e-m/fpv4-sp/hard\libcr_c.a(_writebuf.o)
                              c:/nxp/mcuxpressoide_10.1.1_606/ide/tools/bin/../lib/gcc/arm-none-eabi/6.3.1/../../../../arm-none-eabi/lib/thumb/v7e-m/fpv4-sp/hard\libcr_c.a(_deferredlazyseek.o) (_Cwritebuf)
c:/nxp/mcuxpressoide_10.1.1_606/ide/tools/bin/../lib/gcc/arm-none-eabi/6.3.1/../../../../arm-none-eabi/lib/thumb/v7e-m/fpv4-sp/hard\libcr_c.a(alloc.o)
                              c:/nxp/mcuxpressoide_10.1.1_606/ide/tools/bin/../lib/gcc/arm-none-eabi/6.3.1/../../../../arm-none-eabi/lib/thumb/v7e-m/fpv4-sp/hard\libcr_c.a(_deferredlazyseek.o) (_Csys_alloc)
c:/nxp/mcuxpressoide_10.1.1_606/ide/tools/bin/../lib/gcc/arm-none-eabi/6.3.1/../../../../arm-none-eabi/lib/thumb/v7e-m/fpv4-sp/hard\libcr_c.a(fputs.o)
                              c:/nxp/mcuxpressoide_10.1.1_606/ide/tools/bin/../lib/gcc/arm-none-eabi/6.3.1/../../../../arm-none-eabi/lib/thumb/v7e-m/fpv4-sp/hard\libcr_nohost_nf.a(_cr_assert.o) (fputs)
c:/nxp/mcuxpressoide_10.1.1_606/ide/tools/bin/../lib/gcc/arm-none-eabi/6.3.1/../../../../arm-none-eabi/lib/thumb/v7e-m/fpv4-sp/hard\libcr_c.a(fseek.o)
                              c:/nxp/mcuxpressoide_10.1.1_606/ide/tools/bin/../lib/gcc/arm-none-eabi/6.3.1/../../../../arm-none-eabi/lib/thumb/v7e-m/fpv4-sp/hard\libcr_c.a(_deferredlazyseek.o) (fseek)
c:/nxp/mcuxpressoide_10.1.1_606/ide/tools/bin/../lib/gcc/arm-none-eabi/6.3.1/../../../../arm-none-eabi/lib/thumb/v7e-m/fpv4-sp/hard\libcr_c.a(ftell.o)
                              c:/nxp/mcuxpressoide_10.1.1_606/ide/tools/bin/../lib/gcc/arm-none-eabi/6.3.1/../../../../arm-none-eabi/lib/thumb/v7e-m/fpv4-sp/hard\libcr_c.a(fseek.o) (ftell)
c:/nxp/mcuxpressoide_10.1.1_606/ide/tools/bin/../lib/gcc/arm-none-eabi/6.3.1/../../../../arm-none-eabi/lib/thumb/v7e-m/fpv4-sp/hard\libcr_c.a(initio.o)
                              c:/nxp/mcuxpressoide_10.1.1_606/ide/tools/bin/../lib/gcc/arm-none-eabi/6.3.1/../../../../arm-none-eabi/lib/thumb/v7e-m/fpv4-sp/hard\libcr_nohost_nf.a(_cr__main.o) (_initio)
c:/nxp/mcuxpressoide_10.1.1_606/ide/tools/bin/../lib/gcc/arm-none-eabi/6.3.1/../../../../arm-none-eabi/lib/thumb/v7e-m/fpv4-sp/hard\libcr_c.a(printf.o)
                              ./source/varidic.o (_printf)
c:/nxp/mcuxpressoide_10.1.1_606/ide/tools/bin/../lib/gcc/arm-none-eabi/6.3.1/../../../../arm-none-eabi/lib/thumb/v7e-m/fpv4-sp/hard\libcr_c.a(setvbuf.o)
[...]
Memory Configuration

Name             Origin             Length             Attributes
PROGRAM_FLASH    0x00000000         0x00100000         xr
SRAM_UPPER       0x20000000         0x00030000         xrw
SRAM_LOWER       0x1fff0000         0x00010000         xrw
FLEX_RAM         0x14000000         0x00001000         xrw
*default*        0x00000000         0xffffffff

Linker script and memory map

LOAD ./utilities/fsl_debug_console.o
LOAD ./utilities/fsl_io.o
LOAD ./utilities/fsl_log.o
LOAD ./utilities/fsl_str.o
LOAD ./startup/startup_mk64f12.o
LOAD ./source/Tarea-3.o
LOAD ./source/semihost_hardfault.o
LOAD ./source/varidic.o
LOAD ./drivers/fsl_clock.o
LOAD ./drivers/fsl_common.o
LOAD ./drivers/fsl_flash.o
LOAD ./drivers/fsl_gpio.o
LOAD ./drivers/fsl_smc.o
LOAD ./drivers/fsl_uart.o
LOAD ./board/board.o
LOAD ./board/clock_config.o
LOAD ./board/peripherals.o
LOAD ./board/pin_mux.o
LOAD ./CMSIS/system_MK64F12.o
START GROUP
LOAD c:/nxp/mcuxpressoide_10.1.1_606/ide/tools/bin/../lib/gcc/arm-none-eabi/6.3.1/../../../../arm-none-eabi/lib/thumb/v7e-m/fpv4-sp/hard\libcr_nohost_nf.a
LOAD c:/nxp/mcuxpressoide_10.1.1_606/ide/tools/bin/../lib/gcc/arm-none-eabi/6.3.1/../../../../arm-none-eabi/lib/thumb/v7e-m/fpv4-sp/hard\libcr_c.a
LOAD c:/nxp/mcuxpressoide_10.1.1_606/ide/tools/bin/../lib/gcc/arm-none-eabi/6.3.1/thumb/v7e-m/fpv4-sp/hard\libcr_eabihelpers.a
END GROUP
                0x00000000                __base_PROGRAM_FLASH = 0x0
                0x00000000                __base_Flash = 0x0
                0x00100000                __top_PROGRAM_FLASH = 0x100000
                0x00100000                __top_Flash = 0x100000
                0x20000000                __base_SRAM_UPPER = 0x20000000
                0x20000000                __base_RAM = 0x20000000
                0x20030000                __top_SRAM_UPPER = 0x20030000
                0x20030000                __top_RAM = 0x20030000
                0x1fff0000                __base_SRAM_LOWER = 0x1fff0000
                0x1fff0000                __base_RAM2 = 0x1fff0000
                0x20000000                __top_SRAM_LOWER = 0x20000000
                0x20000000                __top_RAM2 = 0x20000000
                0x14000000                __base_FLEX_RAM = 0x14000000
                0x14000000                __base_RAM3 = 0x14000000
                0x14001000                __top_FLEX_RAM = 0x14001000
                0x14001000                __top_RAM3 = 0x14001000

.text           0x00000000     0x86a0
 FILL mask 0xff
                0x00000000                __vectors_start__ = ABSOLUTE (.)
 *(.isr_vector)
 .isr_vector    0x00000000      0x198 ./startup/startup_mk64f12.o
                0x00000000                g_pfnVectors
                0x00000000                __Vectors
                0x00000198                . = ALIGN (0x4)
                0x00000198                __section_table_start = .
                0x00000198                __data_section_table = .
                0x00000198        0x4 LONG 0x86a0 LOADADDR (.data)
                0x0000019c        0x4 LONG 0x20000000 ADDR (.data)
                0x000001a0        0x4 LONG 0xc SIZEOF (.data)
                0x000001a4        0x4 LONG 0x86a0 LOADADDR (.data_RAM2)
                0x000001a8        0x4 LONG 0x1fff0000 ADDR (.data_RAM2)
                0x000001ac        0x4 LONG 0x0 SIZEOF (.data_RAM2)
                0x000001b0        0x4 LONG 0x86a0 LOADADDR (.data_RAM3)
                0x000001b4        0x4 LONG 0x14000000 ADDR (.data_RAM3)
                0x000001b8        0x4 LONG 0x0 SIZEOF (.data_RAM3)
                0x000001bc                __data_section_table_end = .
                0x000001bc                __bss_section_table = .
                0x000001bc        0x4 LONG 0x2000000c ADDR (.bss)
                0x000001c0        0x4 LONG 0x188 SIZEOF (.bss)
                0x000001c4        0x4 LONG 0x1fff0000 ADDR (.bss_RAM2)
                0x000001c8        0x4 LONG 0x0 SIZEOF (.bss_RAM2)
                0x000001cc        0x4 LONG 0x14000000 ADDR (.bss_RAM3)
                0x000001d0        0x4 LONG 0x0 SIZEOF (.bss_RAM3)
                0x000001d4                __bss_section_table_end = .
                0x000001d4                __section_table_end = .
 *(.after_vectors*)
 .after_vectors.init_data
                0x000001d4       0x1e ./startup/startup_mk64f12.o
                0x000001d4                data_init
 .after_vectors.init_bss
                0x000001f2       0x12 ./startup/startup_mk64f12.o
                0x000001f2                bss_init
 .after_vectors.reset
                0x00000204       0x4c ./startup/startup_mk64f12.o
                0x00000204                ResetISR
 .after_vectors
                0x00000250       0x14 ./startup/startup_mk64f12.o
                0x00000250                NMI_Handler
                0x00000254                MemManage_Handler
                0x00000256                BusFault_Handler
                0x00000258                UsageFault_Handler
                0x0000025a                SVC_Handler
                0x0000025c                DebugMon_Handler
                0x0000025e                PendSV_Handler
                0x00000260                SysTick_Handler
                0x00000262                DMA_Error_DriverIRQHandler
                0x00000262                LPTMR0_DriverIRQHandler
                0x00000262                FTM1_DriverIRQHandler
                0x00000262                FTM2_DriverIRQHandler
                0x00000262                PIT2_DriverIRQHandler
                0x00000262                SDHC_DriverIRQHandler
                0x00000262                I2S0_Tx_DriverIRQHandler
                0x00000262                RTC_Seconds_DriverIRQHandler
                0x00000262                DMA6_DriverIRQHandler
                0x00000262                LLWU_DriverIRQHandler
                0x00000262                MCM_DriverIRQHandler
                0x00000262                MCG_DriverIRQHandler
                0x00000262                ENET_1588_Timer_DriverIRQHandler
                0x00000262                I2C2_DriverIRQHandler
                0x00000262                DAC1_DriverIRQHandler
                0x00000262                SPI1_DriverIRQHandler
                0x00000262                CMP1_DriverIRQHandler
                0x00000262                FTM0_DriverIRQHandler
                0x00000262                IntDefaultHandler
                0x00000262                USB0_DriverIRQHandler
                0x00000262                UART5_ERR_DriverIRQHandler
                0x00000262                PORTC_DriverIRQHandler
                0x00000262                DMA11_DriverIRQHandler
                0x00000262                DAC0_DriverIRQHandler
                0x00000262                DMA10_DriverIRQHandler
                0x00000262                CMP2_DriverIRQHandler
                0x00000262                UART2_ERR_DriverIRQHandler
                0x00000262                SPI2_DriverIRQHandler
                0x00000262                LVD_LVW_DriverIRQHandler
                0x00000262                PIT0_DriverIRQHandler
                0x00000262                DMA12_DriverIRQHandler
                0x00000262                DMA5_DriverIRQHandler
                0x00000262                DMA4_DriverIRQHandler
                0x00000262                USBDCD_DriverIRQHandler
                0x00000262                UART3_ERR_DriverIRQHandler
                0x00000262                DMA3_DriverIRQHandler
                0x00000262                DMA8_DriverIRQHandler
                0x00000262                DMA9_DriverIRQHandler
                0x00000262                UART0_ERR_DriverIRQHandler
                0x00000262                CMT_DriverIRQHandler
                0x00000262                Reserved71_DriverIRQHandler
                0x00000262                ADC1_DriverIRQHandler
                0x00000262                PORTA_DriverIRQHandler
                0x00000262                DMA14_DriverIRQHandler
                0x00000262                PIT3_DriverIRQHandler
                0x00000262                PIT1_DriverIRQHandler
                0x00000262                WDOG_EWM_DriverIRQHandler
                0x00000262                PDB0_DriverIRQHandler
                0x00000262                RTC_DriverIRQHandler
                0x00000262                I2S0_Rx_DriverIRQHandler
                0x00000262                Read_Collision_DriverIRQHandler
                0x00000262                SWI_DriverIRQHandler
                0x00000262                UART4_ERR_DriverIRQHandler
                0x00000262                PORTB_DriverIRQHandler
                0x00000262                UART0_LON_DriverIRQHandler
                0x00000262                DMA0_DriverIRQHandler
                0x00000262                DMA1_DriverIRQHandler
                0x00000262                I2C1_DriverIRQHandler
                0x00000262                ENET_Receive_DriverIRQHandler
                0x00000262                DMA13_DriverIRQHandler
                0x00000262                ENET_Error_DriverIRQHandler
                0x00000262                DMA15_DriverIRQHandler
                0x00000262                SPI0_DriverIRQHandler
                0x00000262                ADC0_DriverIRQHandler
                0x00000262                CMP0_DriverIRQHandler
                0x00000262                CAN0_DriverIRQHandler
                0x00000262                FTM3_DriverIRQHandler
                0x00000262                RNG_DriverIRQHandler
                0x00000262                UART1_ERR_DriverIRQHandler
                0x00000262                DMA2_DriverIRQHandler
                0x00000262                ENET_Transmit_DriverIRQHandler
                0x00000262                PORTD_DriverIRQHandler
                0x00000262                PORTE_DriverIRQHandler
                0x00000262                FTFE_DriverIRQHandler
                0x00000262                I2C0_DriverIRQHandler
                0x00000262                DMA7_DriverIRQHandler
                0x00000400                . = 0x400
 *fill*         0x00000264      0x19c ff
                0x00000400                PROVIDE (__FLASH_CONFIG_START__, .)
 *(.FlashConfig)
 .FlashConfig   0x00000400       0x10 ./startup/startup_mk64f12.o
                0x00000400                Flash_Config
                0x00000410                PROVIDE (__FLASH_CONFIG_END__, .)
                0x00000001                ASSERT (! ((__FLASH_CONFIG_START__ == __FLASH_CONFIG_END__)), Linker Flash Config Support Enabled, but no .FlashConfig section provided within application)
 *(.text*)
 .text          0x00000410      0x198 ./utilities/fsl_debug_console.o
                0x00000410                DbgConsole_Init
                0x00000448                DbgConsole_Deinit
                0x00000456                DbgConsole_Flush
                0x00000464                DbgConsole_Printf
                0x000004c8                DbgConsole_Putchar
                0x000004e4                DbgConsole_Scanf
                0x0000052a                DbgConsole_Getchar
 .text          0x000005a8      0x1cc ./utilities/fsl_io.o
                0x00000628                IO_Init
                0x000006a8                IO_Deinit
                0x000006e8                IO_WaitIdle
                0x00000718                IO_Transfer
 .text          0x00000774      0x1c8 ./utilities/fsl_log.o
                0x00000774                LOG_Init
                0x000007a4                LOG_Deinit
                0x000007b0                LOG_WaitIdle
                0x000007be                LOG_Push
                0x000007ec                LOG_Pop
                0x0000082e                LOG_ReadLine
                0x000008d4                LOG_ReadCharacter
 .text          0x0000093c      0xab4 ./utilities/fsl_str.o
                0x00000ab0                StrFormatPrintf
                0x00000e0a                StrFormatScanf
 .text          0x000013f0      0x2b0 ./startup/startup_mk64f12.o
                0x000013f0                DMA0_IRQHandler
                0x000013f8                DMA1_IRQHandler
                0x00001400                DMA2_IRQHandler
                0x00001408                DMA3_IRQHandler
                0x00001410                DMA4_IRQHandler
                0x00001418                DMA5_IRQHandler
                0x00001420                DMA6_IRQHandler
                0x00001428                DMA7_IRQHandler
                0x00001430                DMA8_IRQHandler
                0x00001438                DMA9_IRQHandler
                0x00001440                DMA10_IRQHandler
                0x00001448                DMA11_IRQHandler
                0x00001450                DMA12_IRQHandler
                0x00001458                DMA13_IRQHandler
                0x00001460                DMA14_IRQHandler
                0x00001468                DMA15_IRQHandler
                0x00001470                DMA_Error_IRQHandler
                0x00001478                MCM_IRQHandler
                0x00001480                FTFE_IRQHandler
                0x00001488                Read_Collision_IRQHandler
                0x00001490                LVD_LVW_IRQHandler
                0x00001498                LLWU_IRQHandler
                0x000014a0                WDOG_EWM_IRQHandler
                0x000014a8                RNG_IRQHandler
                0x000014b0                I2C0_IRQHandler
                0x000014b8                I2C1_IRQHandler
                0x000014c0                SPI0_IRQHandler
                0x000014c8                SPI1_IRQHandler
                0x000014d0                I2S0_Tx_IRQHandler
                0x000014d8                I2S0_Rx_IRQHandler
                0x000014e0                UART0_LON_IRQHandler
                0x000014e8                UART0_RX_TX_IRQHandler
                0x000014f0                UART0_ERR_IRQHandler
                0x000014f8                UART1_RX_TX_IRQHandler
                0x00001500                UART1_ERR_IRQHandler
                0x00001508                UART2_RX_TX_IRQHandler
                0x00001510                UART2_ERR_IRQHandler
                0x00001518                UART3_RX_TX_IRQHandler
                0x00001520                UART3_ERR_IRQHandler
                0x00001528                ADC0_IRQHandler
                0x00001530                CMP0_IRQHandler
                0x00001538                CMP1_IRQHandler
                0x00001540                FTM0_IRQHandler
                0x00001548                FTM1_IRQHandler
                0x00001550                FTM2_IRQHandler
                0x00001558                CMT_IRQHandler
                0x00001560                RTC_IRQHandler
                0x00001568                RTC_Seconds_IRQHandler
                0x00001570                PIT0_IRQHandler
                0x00001578                PIT1_IRQHandler
                0x00001580                PIT2_IRQHandler
                0x00001588                PIT3_IRQHandler
                0x00001590                PDB0_IRQHandler
                0x00001598                USB0_IRQHandler
                0x000015a0                USBDCD_IRQHandler
                0x000015a8                Reserved71_IRQHandler
                0x000015b0                DAC0_IRQHandler
                0x000015b8                MCG_IRQHandler
                0x000015c0                LPTMR0_IRQHandler
                0x000015c8                PORTA_IRQHandler
                0x000015d0                PORTB_IRQHandler
                0x000015d8                PORTC_IRQHandler
                0x000015e0                PORTD_IRQHandler
                0x000015e8                PORTE_IRQHandler
                0x000015f0                SWI_IRQHandler
                0x000015f8                SPI2_IRQHandler
                0x00001600                UART4_RX_TX_IRQHandler
                0x00001608                UART4_ERR_IRQHandler
                0x00001610                UART5_RX_TX_IRQHandler
                0x00001618                UART5_ERR_IRQHandler
                0x00001620                CMP2_IRQHandler
                0x00001628                FTM3_IRQHandler
                0x00001630                DAC1_IRQHandler
                0x00001638                ADC1_IRQHandler
                0x00001640                I2C2_IRQHandler
                0x00001648                CAN0_ORed_Message_buffer_IRQHandler
                0x00001650                CAN0_Bus_Off_IRQHandler
                0x00001658                CAN0_Error_IRQHandler
                0x00001660                CAN0_Tx_Warning_IRQHandler
                0x00001668                CAN0_Rx_Warning_IRQHandler
                0x00001670                CAN0_Wake_Up_IRQHandler
                0x00001678                SDHC_IRQHandler
                0x00001680                ENET_1588_Timer_IRQHandler
                0x00001688                ENET_Transmit_IRQHandler
                0x00001690                ENET_Receive_IRQHandler
                0x00001698                ENET_Error_IRQHandler
 .text          0x000016a0       0x28 ./source/Tarea-3.o
                0x000016a0                main
 .text          0x000016c8       0x2a ./source/semihost_hardfault.o
                0x000016c8                HardFault_Handler
 *fill*         0x000016f2        0x2 ff
 .text          0x000016f4       0xa4 ./source/varidic.o
                0x000016f4                average
                0x00001772                Show_result
 .text          0x00001798     0x1aa8 ./drivers/fsl_clock.o
                0x000018d8                CLOCK_FllStableDelay
                0x00001b00                CLOCK_GetOsc0ErClkFreq
                0x00001b38                CLOCK_GetEr32kClkFreq
                0x00001ba8                CLOCK_GetPllFllSelClkFreq
                0x00001bfc                CLOCK_GetPlatClkFreq
                0x00001c24                CLOCK_GetFlashClkFreq
                0x00001c4c                CLOCK_GetFlexBusClkFreq
                0x00001c74                CLOCK_GetBusClkFreq
                0x00001c9c                CLOCK_GetCoreSysClkFreq
                0x00001cc4                CLOCK_GetFreq
                0x00001e0c                CLOCK_SetSimConfig
                0x00001e44                CLOCK_EnableUsbfs0Clock
                0x00001f44                CLOCK_GetOutClkFreq
                0x00001fa8                CLOCK_GetFllFreq
                0x00002024                CLOCK_GetInternalRefClkFreq
                0x00002048                CLOCK_GetFixedFreqClkFreq
                0x00002076                CLOCK_GetPll0Freq
                0x000020dc                CLOCK_SetExternalRefClkConfig
                0x00002148                CLOCK_SetInternalRefClkConfig
                0x0000224c                CLOCK_CalcPllDiv
                0x000023b8                CLOCK_EnablePll0
                0x0000243c                CLOCK_SetOsc0MonitorMode
                0x000024b8                CLOCK_SetRtcOscMonitorMode
                0x00002504                CLOCK_SetPll0MonitorMode
                0x00002578                CLOCK_GetStatusFlags
                0x000025fc                CLOCK_ClearStatusFlags
                0x00002654                CLOCK_InitOsc0
                0x000026e0                CLOCK_DeinitOsc0
                0x0000270c                CLOCK_TrimInternalRefClk
                0x00002844                CLOCK_GetMode
                0x00002900                CLOCK_SetFeiMode
                0x000029c0                CLOCK_SetFeeMode
                0x00002acc                CLOCK_SetFbiMode
                0x00002b9c                CLOCK_SetFbeMode
                0x00002cc8                CLOCK_SetBlpiMode
                0x00002cec                CLOCK_SetBlpeMode
                0x00002d10                CLOCK_SetPbeMode
                0x00002db8                CLOCK_SetPeeMode
                0x00002df0                CLOCK_ExternalModeToFbeModeQuick
                0x00002e5c                CLOCK_InternalModeToFbiModeQuick
                0x00002ea8                CLOCK_BootToFeiMode
                0x00002ece                CLOCK_BootToFeeMode
                0x00002f0a                CLOCK_BootToBlpiMode
                0x00002f70                CLOCK_BootToBlpeMode
                0x00002ff4                CLOCK_BootToPeeMode
                0x00003058                CLOCK_SetMcgConfig
 .text          0x00003240     0x146c ./drivers/fsl_flash.o
                0x00003240                FLASH_Init
                0x00003300                FLASH_PrepareExecuteInRamFunctions
                0x00003344                FLASH_EraseAll
                0x00003398                FLASH_Erase
                0x0000346c                FLASH_EraseAllExecuteOnlySegments
                0x000034c0                FLASH_Program
                0x00003590                FLASH_ProgramOnce
                0x000035fc                FLASH_ProgramSection
                0x00003748                FLASH_ReadResource
                0x00003820                FLASH_ReadOnce
                0x00003880                FLASH_GetSecurityState
                0x000038e8                FLASH_SecurityBypass
                0x0000398c                FLASH_VerifyEraseAll
                0x000039c8                FLASH_VerifyErase
                0x00003ab8                FLASH_VerifyProgram
                0x00003b80                FLASH_VerifyEraseAllExecuteOnlySegments
                0x00003bbc                FLASH_IsProtected
                0x00003e08                FLASH_IsExecuteOnly
                0x00003e48                FLASH_GetProperty
                0x00003f1a                FLASH_SetProperty
                0x00003f58                FLASH_SwapControl
                0x00004010                FLASH_Swap
                0x0000412c                FLASH_PflashSetProtection
                0x0000416c                FLASH_PflashGetProtection
                0x000041a0                FLASH_PflashSetPrefetchSpeculation
                0x00004220                FLASH_PflashGetPrefetchSpeculation
                0x00004340                fmc_flash_cache_clear
                0x00004370                fmc_flash_prefetch_speculation_clear
                0x000043a0                flash_cache_clear
 .text          0x000046ac      0x394 ./drivers/fsl_smc.o
                0x000046ea                SMC_PreEnterStopModes
                0x0000471c                SMC_PostExitStopModes
                0x0000474c                SMC_PreEnterWaitModes
                0x00004768                SMC_PostExitWaitModes
                0x00004784                SMC_SetPowerModeRun
                0x000047ae                SMC_SetPowerModeWait
                0x000047e0                SMC_SetPowerModeStop
                0x00004840                SMC_SetPowerModeVlpr
                0x0000488e                SMC_SetPowerModeVlpw
                0x000048c0                SMC_SetPowerModeVlps
                0x00004924                SMC_SetPowerModeLls
                0x00004988                SMC_SetPowerModeVlls
 .text          0x00004a40     0x152c ./drivers/fsl_uart.o
                0x00004b16                UART_GetInstance
                0x00004b68                UART_TransferGetRxRingBufferLength
                0x00004c08                UART_Init
                0x00004ee0                UART_Deinit
                0x00004f2c                UART_GetDefaultConfig
                0x00004f8c                UART_SetBaudRate
                0x00005094                UART_EnableInterrupts
                0x00005104                UART_DisableInterrupts
                0x00005184                UART_GetEnabledInterrupts
                0x000051d0                UART_GetStatusFlags
                0x00005216                UART_ClearStatusFlags
                0x000052a2                UART_WriteBlocking
                0x00005324                UART_ReadBlocking
                0x000053fc                UART_TransferCreateHandle
                0x00005480                UART_TransferStartRingBuffer
                0x000054f4                UART_TransferStopRingBuffer
                0x00005560                UART_TransferSendNonBlocking
                0x000055fc                UART_TransferAbortSend
                0x00005638                UART_TransferGetSendCount
                0x0000568c                UART_TransferReceiveNonBlocking
                0x0000583c                UART_TransferAbortReceive
                0x00005898                UART_TransferGetReceiveCount
                0x000058f8                UART_TransferHandleIRQ
                0x00005e08                UART_TransferHandleErrorIRQ
                0x00005e1e                UART0_DriverIRQHandler
                0x00005e44                UART0_RX_TX_DriverIRQHandler
                0x00005e54                UART1_DriverIRQHandler
                0x00005e7c                UART1_RX_TX_DriverIRQHandler
                0x00005e8c                UART2_DriverIRQHandler
                0x00005eb4                UART2_RX_TX_DriverIRQHandler
                0x00005ec4                UART3_DriverIRQHandler
                0x00005eec                UART3_RX_TX_DriverIRQHandler
                0x00005efc                UART4_DriverIRQHandler
                0x00005f24                UART4_RX_TX_DriverIRQHandler
                0x00005f34                UART5_DriverIRQHandler
                0x00005f5c                UART5_RX_TX_DriverIRQHandler
 .text          0x00005f6c       0x28 ./board/board.o
                0x00005f6c                BOARD_InitDebugConsole
 .text          0x00005f94      0x174 ./board/clock_config.o
                0x0000600c                BOARD_InitBootClocks
                0x00006054                BOARD_BootClockRUN
                0x000060b4                BOARD_BootClockVLPR
 .text          0x00006108        0xe ./board/peripherals.o
                0x00006108                BOARD_InitBootPeripherals
 *fill*         0x00006116        0x2 ff
 .text          0x00006118       0xc4 ./board/pin_mux.o
                0x00006188                BOARD_InitBootPins
                0x00006194                BOARD_InitPins
 .text          0x000061dc      0x2b8 ./CMSIS/system_MK64F12.o
                0x000061dc                SystemInit
                0x0000621c                SystemCoreClockUpdate
 .text.__main   0x00006494        0xe c:/nxp/mcuxpressoide_10.1.1_606/ide/tools/bin/../lib/gcc/arm-none-eabi/6.3.1/../../../../arm-none-eabi/lib/thumb/v7e-m/fpv4-sp/hard\libcr_nohost_nf.a(_cr__main.o)
                0x00006494                __main
 *fill*         0x000064a2        0x2 ff
 .text.__assertion_failed
                0x000064a4       0x4c c:/nxp/mcuxpressoide_10.1.1_606/ide/tools/bin/../lib/gcc/arm-none-eabi/6.3.1/../../../../arm-none-eabi/lib/thumb/v7e-m/fpv4-sp/hard\libcr_nohost_nf.a(_cr_assert.o)
                0x000064a4                __assertion_failed
 .text.__sys_appexit
                0x000064f0        0x2 c:/nxp/mcuxpressoide_10.1.1_606/ide/tools/bin/../lib/gcc/arm-none-eabi/6.3.1/../../../../arm-none-eabi/lib/thumb/v7e-m/fpv4-sp/hard\libcr_nohost_nf.a(__sys_appexit.o)
                0x000064f0                __sys_appexit
                0x000064f0                __exit
 .text.memcpy   0x000064f2        0x4 c:/nxp/mcuxpressoide_10.1.1_606/ide/tools/bin/../lib/gcc/arm-none-eabi/6.3.1/../../../../arm-none-eabi/lib/thumb/v7e-m/fpv4-sp/hard\libcr_c.a(memcpy.o)
                0x000064f2                memcpy
 .text.memset   0x000064f6        0x4 c:/nxp/mcuxpressoide_10.1.1_606/ide/tools/bin/../lib/gcc/arm-none-eabi/6.3.1/../../../../arm-none-eabi/lib/thumb/v7e-m/fpv4-sp/hard\libcr_c.a(memset.o)
                0x000064f6                memset
 .text._deferredlazyseek
                0x000064fa       0x40 c:/nxp/mcuxpressoide_10.1.1_606/ide/tools/bin/../lib/gcc/arm-none-eabi/6.3.1/../../../../arm-none-eabi/lib/thumb/v7e-m/fpv4-sp/hard\libcr_c.a(_deferredlazyseek.o)
                0x000064fa                _deferredlazyseek
 .text.__flsbuf
                0x0000653a      0x148 c:/nxp/mcuxpressoide_10.1.1_606/ide/tools/bin/../lib/gcc/arm-none-eabi/6.3.1/../../../../arm-none-eabi/lib/thumb/v7e-m/fpv4-sp/hard\libcr_c.a(_deferredlazyseek.o)
                0x0000653a                __flsbuf
 .text._fflush  0x00006682       0x54 c:/nxp/mcuxpressoide_10.1.1_606/ide/tools/bin/../lib/gcc/arm-none-eabi/6.3.1/../../../../arm-none-eabi/lib/thumb/v7e-m/fpv4-sp/hard\libcr_c.a(_fflush.o)
                0x00006682                _fflush
 *fill*         0x000066d6        0x2 ff
 .text._Cwritebuf
                0x000066d8       0x6c c:/nxp/mcuxpressoide_10.1.1_606/ide/tools/bin/../lib/gcc/arm-none-eabi/6.3.1/../../../../arm-none-eabi/lib/thumb/v7e-m/fpv4-sp/hard\libcr_c.a(_writebuf.o)
                0x000066d8                _Cwritebuf
 .text.malloc   0x00006744       0xc4 c:/nxp/mcuxpressoide_10.1.1_606/ide/tools/bin/../lib/gcc/arm-none-eabi/6.3.1/../../../../arm-none-eabi/lib/thumb/v7e-m/fpv4-sp/hard\libcr_c.a(alloc.o)
                0x00006744                malloc
 .text.free     0x00006808       0x30 c:/nxp/mcuxpressoide_10.1.1_606/ide/tools/bin/../lib/gcc/arm-none-eabi/6.3.1/../../../../arm-none-eabi/lib/thumb/v7e-m/fpv4-sp/hard\libcr_c.a(alloc.o)
                0x00006808                free
 .text._Csys_alloc
                0x00006838       0x20 c:/nxp/mcuxpressoide_10.1.1_606/ide/tools/bin/../lib/gcc/arm-none-eabi/6.3.1/../../../../arm-none-eabi/lib/thumb/v7e-m/fpv4-sp/hard\libcr_c.a(alloc.o)
                0x00006838                _Csys_alloc
 .text.fputs    0x00006858       0x2c c:/nxp/mcuxpressoide_10.1.1_606/ide/tools/bin/../lib/gcc/arm-none-eabi/6.3.1/../../../../arm-none-eabi/lib/thumb/v7e-m/fpv4-sp/hard\libcr_c.a(fputs.o)
                0x00006858                fputs
 .text.fseek    0x00006884      0x100 c:/nxp/mcuxpressoide_10.1.1_606/ide/tools/bin/../lib/gcc/arm-none-eabi/6.3.1/../../../../arm-none-eabi/lib/thumb/v7e-m/fpv4-sp/hard\libcr_c.a(fseek.o)
                0x00006884                fseek
 .text.ftell    0x00006984       0x48 c:/nxp/mcuxpressoide_10.1.1_606/ide/tools/bin/../lib/gcc/arm-none-eabi/6.3.1/../../../../arm-none-eabi/lib/thumb/v7e-m/fpv4-sp/hard\libcr_c.a(ftell.o)
                0x00006984                ftell
 .text._initio  0x000069cc       0x78 c:/nxp/mcuxpressoide_10.1.1_606/ide/tools/bin/../lib/gcc/arm-none-eabi/6.3.1/../../../../arm-none-eabi/lib/thumb/v7e-m/fpv4-sp/hard\libcr_c.a(initio.o)
                0x000069cc                _initio
 .text.no_fp_display
                0x00006a44        0x4 c:/nxp/mcuxpressoide_10.1.1_606/ide/tools/bin/../lib/gcc/arm-none-eabi/6.3.1/../../../../arm-none-eabi/lib/thumb/v7e-m/fpv4-sp/hard\libcr_c.a(printf.o)
 .text.__vfprintf
                0x00006a48      0xb7c c:/nxp/mcuxpressoide_10.1.1_606/ide/tools/bin/../lib/gcc/arm-none-eabi/6.3.1/../../../../arm-none-eabi/lib/thumb/v7e-m/fpv4-sp/hard\libcr_c.a(printf.o)
                0x00006a48                __vfprintf
 .text._vsnprintf
                0x000075c4       0x5c c:/nxp/mcuxpressoide_10.1.1_606/ide/tools/bin/../lib/gcc/arm-none-eabi/6.3.1/../../../../arm-none-eabi/lib/thumb/v7e-m/fpv4-sp/hard\libcr_c.a(printf.o)
                0x000075c4                _vsnprintf
 .text._printf  0x00007620       0x54 c:/nxp/mcuxpressoide_10.1.1_606/ide/tools/bin/../lib/gcc/arm-none-eabi/6.3.1/../../../../arm-none-eabi/lib/thumb/v7e-m/fpv4-sp/hard\libcr_c.a(printf.o)
                0x00007620                _printf
 .text.setvbuf  0x00007674       0x40 c:/nxp/mcuxpressoide_10.1.1_606/ide/tools/bin/../lib/gcc/arm-none-eabi/6.3.1/../../../../arm-none-eabi/lib/thumb/v7e-m/fpv4-sp/hard\libcr_c.a(setvbuf.o)
                0x00007674                setvbuf
 .text.strlen   0x000076b4       0x4a c:/nxp/mcuxpressoide_10.1.1_606/ide/tools/bin/../lib/gcc/arm-none-eabi/6.3.1/../../../../arm-none-eabi/lib/thumb/v7e-m/fpv4-sp/hard\libcr_c.a(strlen.o)
                0x000076b4                strlen
 *fill*         0x000076fe        0x2 ff
 .text._sbrk    0x00007700       0x3c c:/nxp/mcuxpressoide_10.1.1_606/ide/tools/bin/../lib/gcc/arm-none-eabi/6.3.1/../../../../arm-none-eabi/lib/thumb/v7e-m/fpv4-sp/hard\libcr_c.a(_cr_sbrk.o)
                0x00007700                _sbrk
 .text._fdopen  0x0000773c       0x68 c:/nxp/mcuxpressoide_10.1.1_606/ide/tools/bin/../lib/gcc/arm-none-eabi/6.3.1/../../../../arm-none-eabi/lib/thumb/v7e-m/fpv4-sp/hard\libcr_c.a(_fdopen.o)
                0x0000773c                _fdopen
 .text.fclose   0x000077a4       0x58 c:/nxp/mcuxpressoide_10.1.1_606/ide/tools/bin/../lib/gcc/arm-none-eabi/6.3.1/../../../../arm-none-eabi/lib/thumb/v7e-m/fpv4-sp/hard\libcr_c.a(fclose.o)
                0x000077a4                fclose
 .text.fflush   0x000077fc       0x44 c:/nxp/mcuxpressoide_10.1.1_606/ide/tools/bin/../lib/gcc/arm-none-eabi/6.3.1/../../../../arm-none-eabi/lib/thumb/v7e-m/fpv4-sp/hard\libcr_c.a(fflush.o)
                0x000077fc                fflush
 .text.remove   0x00007840       0x14 c:/nxp/mcuxpressoide_10.1.1_606/ide/tools/bin/../lib/gcc/arm-none-eabi/6.3.1/../../../../arm-none-eabi/lib/thumb/v7e-m/fpv4-sp/hard\libcr_c.a(remove.o)
                0x00007840                remove
 .text.__check_heap_overflow
                0x00007854       0x18 c:/nxp/mcuxpressoide_10.1.1_606/ide/tools/bin/../lib/gcc/arm-none-eabi/6.3.1/../../../../arm-none-eabi/lib/thumb/v7e-m/fpv4-sp/hard\libcr_c.a(_cr_check_heap.o)
                0x00007854                __check_heap_overflow
 .text._do_fflush
                0x0000786c       0x40 c:/nxp/mcuxpressoide_10.1.1_606/ide/tools/bin/../lib/gcc/arm-none-eabi/6.3.1/../../../../arm-none-eabi/lib/thumb/v7e-m/fpv4-sp/hard\libcr_c.a(_do_fflush.o)
                0x0000786c                _do_fflush
 .text.__aeabi_ddiv
                0x000078ac      0x13c c:/nxp/mcuxpressoide_10.1.1_606/ide/tools/bin/../lib/gcc/arm-none-eabi/6.3.1/thumb/v7e-m/fpv4-sp/hard\libcr_eabihelpers.a(double.o)
                0x000078ac                __aeabi_ddiv
 .text.__aeabi_dsub
                0x000079e8      0x1cc c:/nxp/mcuxpressoide_10.1.1_606/ide/tools/bin/../lib/gcc/arm-none-eabi/6.3.1/thumb/v7e-m/fpv4-sp/hard\libcr_eabihelpers.a(double.o)
                0x000079e8                __aeabi_dsub
 .text.__aeabi_dadd
                0x00007bb4      0x114 c:/nxp/mcuxpressoide_10.1.1_606/ide/tools/bin/../lib/gcc/arm-none-eabi/6.3.1/thumb/v7e-m/fpv4-sp/hard\libcr_eabihelpers.a(double.o)
                0x00007bb4                __aeabi_dadd
 .text.__bhs_ui2d
                0x00007cc8       0x46 c:/nxp/mcuxpressoide_10.1.1_606/ide/tools/bin/../lib/gcc/arm-none-eabi/6.3.1/thumb/v7e-m/fpv4-sp/hard\libcr_eabihelpers.a(double.o)
                0x00007cc8                __bhs_ui2d
 .text.__aeabi_i2d
                0x00007d0e       0x12 c:/nxp/mcuxpressoide_10.1.1_606/ide/tools/bin/../lib/gcc/arm-none-eabi/6.3.1/thumb/v7e-m/fpv4-sp/hard\libcr_eabihelpers.a(double.o)
                0x00007d0e                __aeabi_i2d
 .text.__aeabi_memcpy
                0x00007d20       0x34 c:/nxp/mcuxpressoide_10.1.1_606/ide/tools/bin/../lib/gcc/arm-none-eabi/6.3.1/thumb/v7e-m/fpv4-sp/hard\libcr_eabihelpers.a(memcpy.o)
                0x00007d20                __aeabi_memcpy
                0x00007d2a                __aeabi_memcpy8
                0x00007d2a                __aeabi_memcpy4
 .text.__aeabi_memset_lowlevel
                0x00007d54       0x32 c:/nxp/mcuxpressoide_10.1.1_606/ide/tools/bin/../lib/gcc/arm-none-eabi/6.3.1/thumb/v7e-m/fpv4-sp/hard\libcr_eabihelpers.a(memcpy.o)
                0x00007d54                __aeabi_lowlevel_memset
 .text.__sys_close
                0x00007d86        0x6 c:/nxp/mcuxpressoide_10.1.1_606/ide/tools/bin/../lib/gcc/arm-none-eabi/6.3.1/../../../../arm-none-eabi/lib/thumb/v7e-m/fpv4-sp/hard\libcr_nohost_nf.a(__sys_close.o)
                0x00007d86                __sys_close
 .text.__sys_flen
                0x00007d8c        0x6 c:/nxp/mcuxpressoide_10.1.1_606/ide/tools/bin/../lib/gcc/arm-none-eabi/6.3.1/../../../../arm-none-eabi/lib/thumb/v7e-m/fpv4-sp/hard\libcr_nohost_nf.a(__sys_flen.o)
                0x00007d8c                __sys_flen
 .text.__sys_istty
                0x00007d92        0x6 c:/nxp/mcuxpressoide_10.1.1_606/ide/tools/bin/../lib/gcc/arm-none-eabi/6.3.1/../../../../arm-none-eabi/lib/thumb/v7e-m/fpv4-sp/hard\libcr_nohost_nf.a(__sys_istty.o)
                0x00007d92                __sys_istty
 .text.__sys_remove
                0x00007d98        0x6 c:/nxp/mcuxpressoide_10.1.1_606/ide/tools/bin/../lib/gcc/arm-none-eabi/6.3.1/../../../../arm-none-eabi/lib/thumb/v7e-m/fpv4-sp/hard\libcr_nohost_nf.a(__sys_remove.o)
                0x00007d98                __sys_remove
 .text.__sys_seek
                0x00007d9e        0x6 c:/nxp/mcuxpressoide_10.1.1_606/ide/tools/bin/../lib/gcc/arm-none-eabi/6.3.1/../../../../arm-none-eabi/lib/thumb/v7e-m/fpv4-sp/hard\libcr_nohost_nf.a(__sys_seek.o)
                0x00007d9e                __sys_seek
 .text.__sys_tmpnam
                0x00007da4        0x6 c:/nxp/mcuxpressoide_10.1.1_606/ide/tools/bin/../lib/gcc/arm-none-eabi/6.3.1/../../../../arm-none-eabi/lib/thumb/v7e-m/fpv4-sp/hard\libcr_nohost_nf.a(__sys_tmpnam.o)
                0x00007da4                __sys_tmpnam
 .text.__sys_write
                0x00007daa        0x4 c:/nxp/mcuxpressoide_10.1.1_606/ide/tools/bin/../lib/gcc/arm-none-eabi/6.3.1/../../../../arm-none-eabi/lib/thumb/v7e-m/fpv4-sp/hard\libcr_nohost_nf.a(__sys_write.o)
                0x00007daa                __sys_write
 *(.rodata .rodata.* .constdata .constdata.*)
 *fill*         0x00007dae        0x2 ff
 .rodata        0x00007db0       0x50 ./utilities/fsl_debug_console.o
 .rodata        0x00007e00       0x27 ./utilities/fsl_io.o
 *fill*         0x00007e27        0x1 ff
 .rodata        0x00007e28       0x80 ./utilities/fsl_log.o
 .rodata        0x00007ea8        0x4 ./source/varidic.o
 .rodata        0x00007eac      0x1ac ./drivers/fsl_clock.o
 .rodata        0x00008058       0x4e ./drivers/fsl_flash.o
                0x00008058                kFCCOBx
                0x0000805c                kFPROTL
                0x00008088                kPFlashDensities
 *fill*         0x000080a6        0x2 ff
 .rodata        0x000080a8        0x2 ./drivers/fsl_smc.o
 *fill*         0x000080aa        0x2 ff
 .rodata        0x000080ac      0x54b ./drivers/fsl_uart.o
 *fill*         0x000085f7        0x1 ff
 .rodata        0x000085f8       0x38 ./board/clock_config.o
                0x000085f8                mcgConfig_BOARD_BootClockRUN
                0x00008604                simConfig_BOARD_BootClockRUN
                0x0000860c                oscConfig_BOARD_BootClockRUN
                0x00008614                mcgConfig_BOARD_BootClockVLPR
                0x00008620                simConfig_BOARD_BootClockVLPR
                0x00008628                oscConfig_BOARD_BootClockVLPR
 .rodata.__assertion_failed.str1.1
                0x00008630       0x15 c:/nxp/mcuxpressoide_10.1.1_606/ide/tools/bin/../lib/gcc/arm-none-eabi/6.3.1/../../../../arm-none-eabi/lib/thumb/v7e-m/fpv4-sp/hard\libcr_nohost_nf.a(_cr_assert.o)
 *fill*         0x00008645        0x3 ff
 .rodata.__num_Ciob_streams
                0x00008648        0x4 c:/nxp/mcuxpressoide_10.1.1_606/ide/tools/bin/../lib/gcc/arm-none-eabi/6.3.1/../../../../arm-none-eabi/lib/thumb/v7e-m/fpv4-sp/hard\libcr_nohost_nf.a(__ciob.o)
                0x00008648                __num_Ciob_streams
 .rodata._Csys_alloc.str1.1
                0x0000864c       0x18 c:/nxp/mcuxpressoide_10.1.1_606/ide/tools/bin/../lib/gcc/arm-none-eabi/6.3.1/../../../../arm-none-eabi/lib/thumb/v7e-m/fpv4-sp/hard\libcr_c.a(alloc.o)
 .rodata._initio.str1.1
                0x00008664        0x4 c:/nxp/mcuxpressoide_10.1.1_606/ide/tools/bin/../lib/gcc/arm-none-eabi/6.3.1/../../../../arm-none-eabi/lib/thumb/v7e-m/fpv4-sp/hard\libcr_c.a(initio.o)
 .rodata.__vfprintf.str1.1
                0x00008668       0x35 c:/nxp/mcuxpressoide_10.1.1_606/ide/tools/bin/../lib/gcc/arm-none-eabi/6.3.1/../../../../arm-none-eabi/lib/thumb/v7e-m/fpv4-sp/hard\libcr_c.a(printf.o)
                                 0x38 (size before relaxing)
                0x000086a0                . = ALIGN (0x4)
 *fill*         0x0000869d        0x3 ff

.glue_7         0x000086a0        0x0
 .glue_7        0x000086a0        0x0 linker stubs

.glue_7t        0x000086a0        0x0
 .glue_7t       0x000086a0        0x0 linker stubs

.vfp11_veneer   0x000086a0        0x0
 .vfp11_veneer  0x000086a0        0x0 linker stubs

.v4_bx          0x000086a0        0x0
 .v4_bx         0x000086a0        0x0 linker stubs

.iplt           0x000086a0        0x0
 .iplt          0x000086a0        0x0 ./utilities/fsl_debug_console.o

.rel.dyn        0x000086a0        0x0
 .rel.iplt      0x000086a0        0x0 ./utilities/fsl_debug_console.o

.ARM.extab
 *(.ARM.extab* .gnu.linkonce.armextab.*)
                0x000086a0                __exidx_start = .

.ARM.exidx
 *(.ARM.exidx* .gnu.linkonce.armexidx.*)
                0x000086a0                __exidx_end = .
                0x000086a0                _etext = .

.m_usb_data
 *(m_usb_bdt)

.data_RAM2      0x1fff0000        0x0 load address 0x000086a0
 FILL mask 0xff
                [!provide]                PROVIDE (__start_data_RAM2, .)
 *(.ramfunc.$RAM2)
 *(.ramfunc.$SRAM_LOWER)
 *(.data.$RAM2*)
 *(.data.$SRAM_LOWER*)
                0x1fff0000                . = ALIGN (0x4)
                [!provide]                PROVIDE (__end_data_RAM2, .)

.data_RAM3      0x14000000        0x0 load address 0x000086a0
 FILL mask 0xff
                [!provide]                PROVIDE (__start_data_RAM3, .)
 *(.ramfunc.$RAM3)
 *(.ramfunc.$FLEX_RAM)
 *(.data.$RAM3*)
 *(.data.$FLEX_RAM*)
                0x14000000                . = ALIGN (0x4)
                [!provide]                PROVIDE (__end_data_RAM3, .)

.uninit_RESERVED
                0x20000000        0x0
 *(.bss.$RESERVED*)
                0x20000000                . = ALIGN (0x4)
                0x20000000                _end_uninit_RESERVED = .

.data           0x20000000        0xc load address 0x000086a0
 FILL mask 0xff
                0x20000000                _data = .
 *(vtable)
 *(.ramfunc*)
 *(.data*)
 .data          0x20000000        0x8 ./drivers/fsl_clock.o
 .data          0x20000008        0x4 ./CMSIS/system_MK64F12.o
                0x20000008                SystemCoreClock
                0x2000000c                . = ALIGN (0x4)
                0x2000000c                _edata = .

.igot.plt       0x2000000c        0x0 load address 0x000086ac
 .igot.plt      0x2000000c        0x0 ./utilities/fsl_debug_console.o

.bss_RAM2       0x1fff0000        0x0
                [!provide]                PROVIDE (__start_bss_RAM2, .)
 *(.bss.$RAM2*)
 *(.bss.$SRAM_LOWER*)
                0x1fff0000                . = ALIGN ((. != 0x0)?0x4:0x1)
                [!provide]                PROVIDE (__end_bss_RAM2, .)

.bss_RAM3       0x14000000        0x0
                [!provide]                PROVIDE (__start_bss_RAM3, .)
 *(.bss.$RAM3*)
 *(.bss.$FLEX_RAM*)
                0x14000000                . = ALIGN ((. != 0x0)?0x4:0x1)
                [!provide]                PROVIDE (__end_bss_RAM3, .)

.bss            0x2000000c      0x188
                0x2000000c                _bss = .
 *(.bss*)
 .bss           0x2000000c        0x8 ./utilities/fsl_io.o
 .bss           0x20000014        0x4 ./source/Tarea-3.o
 .bss           0x20000018        0x8 ./drivers/fsl_clock.o
                0x20000018                g_xtal0Freq
                0x2000001c                g_xtal32Freq
 .bss           0x20000020       0x94 ./drivers/fsl_flash.o
 .bss           0x200000b4        0x4 ./drivers/fsl_smc.o
 .bss           0x200000b8       0x1c ./drivers/fsl_uart.o
 .bss.__Ciob    0x200000d4       0xb4 c:/nxp/mcuxpressoide_10.1.1_606/ide/tools/bin/../lib/gcc/arm-none-eabi/6.3.1/../../../../arm-none-eabi/lib/thumb/v7e-m/fpv4-sp/hard\libcr_nohost_nf.a(__ciob.o)
                0x200000d4                __Ciob
 .bss.__end_of_heap
                0x20000188        0x4 c:/nxp/mcuxpressoide_10.1.1_606/ide/tools/bin/../lib/gcc/arm-none-eabi/6.3.1/../../../../arm-none-eabi/lib/thumb/v7e-m/fpv4-sp/hard\libcr_c.a(__init_alloc.o)
                0x20000188                __end_of_heap
 .bss.__heaps   0x2000018c        0x4 c:/nxp/mcuxpressoide_10.1.1_606/ide/tools/bin/../lib/gcc/arm-none-eabi/6.3.1/../../../../arm-none-eabi/lib/thumb/v7e-m/fpv4-sp/hard\libcr_c.a(__init_alloc.o)
                0x2000018c                __heaps
 .bss.errno     0x20000190        0x4 c:/nxp/mcuxpressoide_10.1.1_606/ide/tools/bin/../lib/gcc/arm-none-eabi/6.3.1/../../../../arm-none-eabi/lib/thumb/v7e-m/fpv4-sp/hard\libcr_c.a(errno.o)
                0x20000190                errno
 *(COMMON)
                0x20000194                . = ALIGN (0x4)
                0x20000194                _ebss = .
                [!provide]                PROVIDE (end, .)

.noinit_RAM2    0x1fff0000        0x0
 *(.noinit.$RAM2*)
 *(.noinit.$SRAM_LOWER*)
                0x1fff0000                . = ALIGN (0x4)

.noinit_RAM3    0x14000000        0x0
 *(.noinit.$RAM3*)
 *(.noinit.$FLEX_RAM*)
                0x14000000                . = ALIGN (0x4)

.noinit         0x20000194        0x0
                0x20000194                _noinit = .
 *(.noinit*)
                0x20000194                . = ALIGN (0x4)
                0x20000194                _end_noinit = .
                0x00001000                _HeapSize = 0x1000

.heap           0x20000194     0x1000
                0x20000194                _pvHeapStart = .
                0x20001194                . = (. + _HeapSize)
 *fill*         0x20000194     0x1000 
                0x20001194                . = ALIGN (0x4)
                0x20001194                _pvHeapLimit = .
                0x00001000                _StackSize = 0x1000

.heap2stackfill
                0x20001194     0x1000
                0x20002194                . = (. + _StackSize)
 *fill*         0x20001194     0x1000 

.stack          0x2002f000        0x0
                0x2002f000                _vStackBase = .
                0x2002f000                . = ALIGN (0x4)
                0x20030000                _vStackTop = (. + _StackSize)
                0x00000000                _image_start = LOADADDR (.text)
                0x000086ac                _image_end = (LOADADDR (.data) + SIZEOF (.data))
                0x000086ac                _image_size = (_image_end - _image_start)
OUTPUT(Tarea-3.axf elf32-littlearm)

.debug_info     0x00000000     0xa6b7
 .debug_info    0x00000000      0x37a ./utilities/fsl_debug_console.o
 .debug_info    0x0000037a      0x81e ./utilities/fsl_io.o
 .debug_info    0x00000b98      0x340 ./utilities/fsl_log.o
 .debug_info    0x00000ed8      0x53a ./utilities/fsl_str.o
 .debug_info    0x00001412      0x8b7 ./startup/startup_mk64f12.o
 .debug_info    0x00001cc9      0x54a ./source/Tarea-3.o
 .debug_info    0x00002213       0x3b ./source/semihost_hardfault.o
 .debug_info    0x0000224e      0x596 ./source/varidic.o
 .debug_info    0x000027e4     0x1e89 ./drivers/fsl_clock.o
 .debug_info    0x0000466d     0x1e79 ./drivers/fsl_flash.o
 .debug_info    0x000064e6      0xa73 ./drivers/fsl_smc.o
 .debug_info    0x00006f59     0x19d5 ./drivers/fsl_uart.o
 .debug_info    0x0000892e      0x614 ./board/board.o
 .debug_info    0x00008f42      0xaad ./board/clock_config.o
 .debug_info    0x000099ef       0x3b ./board/peripherals.o
 .debug_info    0x00009a2a      0x667 ./board/pin_mux.o
 .debug_info    0x0000a091      0x626 ./CMSIS/system_MK64F12.o

.debug_abbrev   0x00000000     0x1c40
 .debug_abbrev  0x00000000      0x177 ./utilities/fsl_debug_console.o
 .debug_abbrev  0x00000177      0x21e ./utilities/fsl_io.o
 .debug_abbrev  0x00000395      0x17e ./utilities/fsl_log.o
 .debug_abbrev  0x00000513      0x195 ./utilities/fsl_str.o
 .debug_abbrev  0x000006a8      0x15c ./startup/startup_mk64f12.o
 .debug_abbrev  0x00000804      0x142 ./source/Tarea-3.o
 .debug_abbrev  0x00000946       0x2f ./source/semihost_hardfault.o
 .debug_abbrev  0x00000975      0x179 ./source/varidic.o
 .debug_abbrev  0x00000aee      0x305 ./drivers/fsl_clock.o
 .debug_abbrev  0x00000df3      0x265 ./drivers/fsl_flash.o
 .debug_abbrev  0x00001058      0x2bd ./drivers/fsl_smc.o
 .debug_abbrev  0x00001315      0x2ff ./drivers/fsl_uart.o
 .debug_abbrev  0x00001614      0x13c ./board/board.o
 .debug_abbrev  0x00001750      0x1f0 ./board/clock_config.o
 .debug_abbrev  0x00001940       0x2f ./board/peripherals.o
 .debug_abbrev  0x0000196f      0x195 ./board/pin_mux.o
 .debug_abbrev  0x00001b04      0x13c ./CMSIS/system_MK64F12.o

.debug_aranges  0x00000000      0x288
 .debug_aranges
                0x00000000       0x20 ./utilities/fsl_debug_console.o
 .debug_aranges
                0x00000020       0x20 ./utilities/fsl_io.o
 .debug_aranges
                0x00000040       0x20 ./utilities/fsl_log.o
 .debug_aranges
                0x00000060       0x20 ./utilities/fsl_str.o
 .debug_aranges
                0x00000080       0x88 ./startup/startup_mk64f12.o
 .debug_aranges
                0x00000108       0x20 ./source/Tarea-3.o
 .debug_aranges
                0x00000128       0x20 ./source/semihost_hardfault.o
 .debug_aranges
                0x00000148       0x20 ./source/varidic.o
 .debug_aranges
                0x00000168       0x20 ./drivers/fsl_clock.o
 .debug_aranges
                0x00000188       0x20 ./drivers/fsl_flash.o
 .debug_aranges
                0x000001a8       0x20 ./drivers/fsl_smc.o
 .debug_aranges
                0x000001c8       0x20 ./drivers/fsl_uart.o
 .debug_aranges
                0x000001e8       0x20 ./board/board.o
 .debug_aranges
                0x00000208       0x20 ./board/clock_config.o
 .debug_aranges
                0x00000228       0x20 ./board/peripherals.o
 .debug_aranges
                0x00000248       0x20 ./board/pin_mux.o
 .debug_aranges
                0x00000268       0x20 ./CMSIS/system_MK64F12.o

.debug_macro    0x00000000    0x12e76
 .debug_macro   0x00000000      0x127 ./utilities/fsl_debug_console.o
 .debug_macro   0x00000127      0x8ec ./utilities/fsl_debug_console.o
 .debug_macro   0x00000a13       0x10 ./utilities/fsl_debug_console.o
 .debug_macro   0x00000a23       0x16 ./utilities/fsl_debug_console.o
 .debug_macro   0x00000a39       0x10 ./utilities/fsl_debug_console.o
 .debug_macro   0x00000a49      0x12d ./utilities/fsl_debug_console.o
 .debug_macro   0x00000b76       0x28 ./utilities/fsl_debug_console.o
 .debug_macro   0x00000b9e       0x16 ./utilities/fsl_debug_console.o
 .debug_macro   0x00000bb4       0x22 ./utilities/fsl_debug_console.o
 .debug_macro   0x00000bd6      0x5b2 ./utilities/fsl_debug_console.o
 .debug_macro   0x00001188       0x10 ./utilities/fsl_debug_console.o
 .debug_macro   0x00001198       0x5b ./utilities/fsl_debug_console.o
 .debug_macro   0x000011f3       0x1c ./utilities/fsl_debug_console.o
 .debug_macro   0x0000120f       0x22 ./utilities/fsl_debug_console.o
 .debug_macro   0x00001231       0xd9 ./utilities/fsl_debug_console.o
 .debug_macro   0x0000130a      0xec1 ./utilities/fsl_debug_console.o
 .debug_macro   0x000021cb       0x44 ./utilities/fsl_debug_console.o
 .debug_macro   0x0000220f     0xe07b ./utilities/fsl_debug_console.o
 .debug_macro   0x0001028a     0x143f ./utilities/fsl_debug_console.o
 .debug_macro   0x000116c9       0x46 ./utilities/fsl_debug_console.o
 .debug_macro   0x0001170f      0x171 ./utilities/fsl_debug_console.o
 .debug_macro   0x00011880       0x5f ./utilities/fsl_debug_console.o
 .debug_macro   0x000118df       0x1c ./utilities/fsl_debug_console.o
 .debug_macro   0x000118fb       0x43 ./utilities/fsl_debug_console.o
 .debug_macro   0x0001193e      0x102 ./utilities/fsl_io.o
 .debug_macro   0x00011a40       0x1c ./utilities/fsl_io.o
 .debug_macro   0x00011a5c       0x10 ./utilities/fsl_io.o
 .debug_macro   0x00011a6c      0x135 ./utilities/fsl_log.o
 .debug_macro   0x00011ba1      0x118 ./utilities/fsl_str.o
 .debug_macro   0x00011cb9       0xc4 ./utilities/fsl_str.o
 .debug_macro   0x00011d7d       0x1c ./utilities/fsl_str.o
 .debug_macro   0x00011d99       0x29 ./startup/startup_mk64f12.o
 .debug_macro   0x00011dc2      0x147 ./source/Tarea-3.o
 .debug_macro   0x00011f09       0x10 ./source/Tarea-3.o
 .debug_macro   0x00011f19       0xd8 ./source/Tarea-3.o
 .debug_macro   0x00011ff1       0x16 ./source/Tarea-3.o
 .debug_macro   0x00012007       0x10 ./source/Tarea-3.o
 .debug_macro   0x00012017      0x15e ./source/Tarea-3.o
 .debug_macro   0x00012175       0x22 ./source/Tarea-3.o
 .debug_macro   0x00012197       0x11 ./source/semihost_hardfault.o
 .debug_macro   0x000121a8      0x147 ./source/varidic.o
 .debug_macro   0x000122ef      0x1a6 ./drivers/fsl_clock.o
 .debug_macro   0x00012495      0x34b ./drivers/fsl_flash.o
 .debug_macro   0x000127e0       0x43 ./drivers/fsl_flash.o
 .debug_macro   0x00012823       0xf9 ./drivers/fsl_smc.o
 .debug_macro   0x0001291c       0x49 ./drivers/fsl_smc.o
 .debug_macro   0x00012965       0xf6 ./drivers/fsl_uart.o
 .debug_macro   0x00012a5b      0x110 ./board/board.o
 .debug_macro   0x00012b6b       0x1c ./board/board.o
 .debug_macro   0x00012b87      0x127 ./board/clock_config.o
 .debug_macro   0x00012cae       0x1b ./board/peripherals.o
 .debug_macro   0x00012cc9      0x105 ./board/pin_mux.o
 .debug_macro   0x00012dce       0x10 ./board/pin_mux.o
 .debug_macro   0x00012dde       0x98 ./CMSIS/system_MK64F12.o

.debug_line     0x00000000     0x390d
 .debug_line    0x00000000      0x329 ./utilities/fsl_debug_console.o
 .debug_line    0x00000329      0x2fc ./utilities/fsl_io.o
 .debug_line    0x00000625      0x302 ./utilities/fsl_log.o
 .debug_line    0x00000927      0x562 ./utilities/fsl_str.o
 .debug_line    0x00000e89      0x183 ./startup/startup_mk64f12.o
 .debug_line    0x0000100c      0x36b ./source/Tarea-3.o
 .debug_line    0x00001377       0x54 ./source/semihost_hardfault.o
 .debug_line    0x000013cb      0x389 ./source/varidic.o
 .debug_line    0x00001754      0x661 ./drivers/fsl_clock.o
 .debug_line    0x00001db5      0x5f9 ./drivers/fsl_flash.o
 .debug_line    0x000023ae      0x37d ./drivers/fsl_smc.o
 .debug_line    0x0000272b      0x758 ./drivers/fsl_uart.o
 .debug_line    0x00002e83      0x2e8 ./board/board.o
 .debug_line    0x0000316b      0x2c4 ./board/clock_config.o
 .debug_line    0x0000342f       0x58 ./board/peripherals.o
 .debug_line    0x00003487      0x296 ./board/pin_mux.o
 .debug_line    0x0000371d      0x1f0 ./CMSIS/system_MK64F12.o

.debug_str      0x00000000    0x81a71
 .debug_str     0x00000000    0x78ec9 ./utilities/fsl_debug_console.o
                              0x78fbd (size before relaxing)
 .debug_str     0x00078ec9      0xa25 ./utilities/fsl_io.o
                              0x7976f (size before relaxing)
 .debug_str     0x000798ee      0x1d8 ./utilities/fsl_log.o
                              0x78f4d (size before relaxing)
 .debug_str     0x00079ac6      0x68d ./utilities/fsl_str.o
                              0x79450 (size before relaxing)
 .debug_str     0x0007a153      0x80f ./startup/startup_mk64f12.o
                               0x2e95 (size before relaxing)
 .debug_str     0x0007a962     0x1228 ./source/Tarea-3.o
                              0x79e6a (size before relaxing)
 .debug_str     0x0007bb8a       0x1f ./source/semihost_hardfault.o
                               0x261d (size before relaxing)
 .debug_str     0x0007bba9       0x2b ./source/varidic.o
                              0x79e93 (size before relaxing)
 .debug_str     0x0007bbd4     0x1a39 ./drivers/fsl_clock.o
                              0x7aeb2 (size before relaxing)
 .debug_str     0x0007d60d     0x2bdc ./drivers/fsl_flash.o
                              0x7bdec (size before relaxing)
 .debug_str     0x000801e9      0x40f ./drivers/fsl_smc.o
                              0x79821 (size before relaxing)
 .debug_str     0x000805f8      0xed1 ./drivers/fsl_uart.o
                              0x7a7a3 (size before relaxing)
 .debug_str     0x000814c9       0x37 ./board/board.o
                              0x79b20 (size before relaxing)
 .debug_str     0x00081500      0x2a3 ./board/clock_config.o
                              0x79919 (size before relaxing)
 .debug_str     0x000817a3       0x31 ./board/peripherals.o
                               0x262e (size before relaxing)
 .debug_str     0x000817d4      0x1f0 ./board/pin_mux.o
                              0x79094 (size before relaxing)
 .debug_str     0x000819c4       0xad ./CMSIS/system_MK64F12.o
                              0x77eb1 (size before relaxing)

.comment        0x00000000       0x7f
 .comment       0x00000000       0x7f ./utilities/fsl_debug_console.o
                                 0x80 (size before relaxing)
 .comment       0x0000007f       0x80 ./utilities/fsl_io.o
 .comment       0x0000007f       0x80 ./utilities/fsl_log.o
 .comment       0x0000007f       0x80 ./utilities/fsl_str.o
 .comment       0x0000007f       0x80 ./startup/startup_mk64f12.o
 .comment       0x0000007f       0x80 ./source/Tarea-3.o
 .comment       0x0000007f       0x80 ./source/semihost_hardfault.o
 .comment       0x0000007f       0x80 ./source/varidic.o
 .comment       0x0000007f       0x80 ./drivers/fsl_clock.o
 .comment       0x0000007f       0x80 ./drivers/fsl_flash.o
 .comment       0x0000007f       0x80 ./drivers/fsl_smc.o
 .comment       0x0000007f       0x80 ./drivers/fsl_uart.o
 .comment       0x0000007f       0x80 ./board/board.o
 .comment       0x0000007f       0x80 ./board/clock_config.o
 .comment       0x0000007f       0x80 ./board/peripherals.o
 .comment       0x0000007f       0x80 ./board/pin_mux.o
 .comment       0x0000007f       0x80 ./CMSIS/system_MK64F12.o
 .comment       0x0000007f       0x80 c:/nxp/mcuxpressoide_10.1.1_606/ide/tools/bin/../lib/gcc/arm-none-eabi/6.3.1/../../../../arm-none-eabi/lib/thumb/v7e-m/fpv4-sp/hard\libcr_nohost_nf.a(_cr__main.o)
 .comment       0x0000007f       0x80 c:/nxp/mcuxpressoide_10.1.1_606/ide/tools/bin/../lib/gcc/arm-none-eabi/6.3.1/../../../../arm-none-eabi/lib/thumb/v7e-m/fpv4-sp/hard\libcr_nohost_nf.a(_cr_assert.o)
 .comment       0x0000007f       0x80 c:/nxp/mcuxpressoide_10.1.1_606/ide/tools/bin/../lib/gcc/arm-none-eabi/6.3.1/../../../../arm-none-eabi/lib/thumb/v7e-m/fpv4-sp/hard\libcr_nohost_nf.a(__ciob.o)
 .comment       0x0000007f       0x80 c:/nxp/mcuxpressoide_10.1.1_606/ide/tools/bin/../lib/gcc/arm-none-eabi/6.3.1/../../../../arm-none-eabi/lib/thumb/v7e-m/fpv4-sp/hard\libcr_nohost_nf.a(__sys_appexit.o)
 .comment       0x0000007f       0x80 c:/nxp/mcuxpressoide_10.1.1_606/ide/tools/bin/../lib/gcc/arm-none-eabi/6.3.1/../../../../arm-none-eabi/lib/thumb/v7e-m/fpv4-sp/hard\libcr_c.a(memcpy.o)
 .comment       0x0000007f       0x80 c:/nxp/mcuxpressoide_10.1.1_606/ide/tools/bin/../lib/gcc/arm-none-eabi/6.3.1/../../../../arm-none-eabi/lib/thumb/v7e-m/fpv4-sp/hard\libcr_c.a(memset.o)
 .comment       0x0000007f       0x80 c:/nxp/mcuxpressoide_10.1.1_606/ide/tools/bin/../lib/gcc/arm-none-eabi/6.3.1/../../../../arm-none-eabi/lib/thumb/v7e-m/fpv4-sp/hard\libcr_c.a(_deferredlazyseek.o)
 .comment       0x0000007f       0x80 c:/nxp/mcuxpressoide_10.1.1_606/ide/tools/bin/../lib/gcc/arm-none-eabi/6.3.1/../../../../arm-none-eabi/lib/thumb/v7e-m/fpv4-sp/hard\libcr_c.a(_fflush.o)
 .comment       0x0000007f       0x80 c:/nxp/mcuxpressoide_10.1.1_606/ide/tools/bin/../lib/gcc/arm-none-eabi/6.3.1/../../../../arm-none-eabi/lib/thumb/v7e-m/fpv4-sp/hard\libcr_c.a(_writebuf.o)
 .comment       0x0000007f       0x80 c:/nxp/mcuxpressoide_10.1.1_606/ide/tools/bin/../lib/gcc/arm-none-eabi/6.3.1/../../../../arm-none-eabi/lib/thumb/v7e-m/fpv4-sp/hard\libcr_c.a(alloc.o)
 .comment       0x0000007f       0x80 c:/nxp/mcuxpressoide_10.1.1_606/ide/tools/bin/../lib/gcc/arm-none-eabi/6.3.1/../../../../arm-none-eabi/lib/thumb/v7e-m/fpv4-sp/hard\libcr_c.a(fputs.o)
 .comment       0x0000007f       0x80 c:/nxp/mcuxpressoide_10.1.1_606/ide/tools/bin/../lib/gcc/arm-none-eabi/6.3.1/../../../../arm-none-eabi/lib/thumb/v7e-m/fpv4-sp/hard\libcr_c.a(fseek.o)
 .comment       0x0000007f       0x80 c:/nxp/mcuxpressoide_10.1.1_606/ide/tools/bin/../lib/gcc/arm-none-eabi/6.3.1/../../../../arm-none-eabi/lib/thumb/v7e-m/fpv4-sp/hard\libcr_c.a(ftell.o)
 .comment       0x0000007f       0x80 c:/nxp/mcuxpressoide_10.1.1_606/ide/tools/bin/../lib/gcc/arm-none-eabi/6.3.1/../../../../arm-none-eabi/lib/thumb/v7e-m/fpv4-sp/hard\libcr_c.a(initio.o)
 .comment       0x0000007f       0x80 c:/nxp/mcuxpressoide_10.1.1_606/ide/tools/bin/../lib/gcc/arm-none-eabi/6.3.1/../../../../arm-none-eabi/lib/thumb/v7e-m/fpv4-sp/hard\libcr_c.a(printf.o)
 .comment       0x0000007f       0x80 c:/nxp/mcuxpressoide_10.1.1_606/ide/tools/bin/../lib/gcc/arm-none-eabi/6.3.1/../../../../arm-none-eabi/lib/thumb/v7e-m/fpv4-sp/hard\libcr_c.a(setvbuf.o)
 .comment       0x0000007f       0x80 c:/nxp/mcuxpressoide_10.1.1_606/ide/tools/bin/../lib/gcc/arm-none-eabi/6.3.1/../../../../arm-none-eabi/lib/thumb/v7e-m/fpv4-sp/hard\libcr_c.a(strlen.o)
 .comment       0x0000007f       0x80 c:/nxp/mcuxpressoide_10.1.1_606/ide/tools/bin/../lib/gcc/arm-none-eabi/6.3.1/../../../../arm-none-eabi/lib/thumb/v7e-m/fpv4-sp/hard\libcr_c.a(__init_alloc.o)
 .comment       0x0000007f       0x80 c:/nxp/mcuxpressoide_10.1.1_606/ide/tools/bin/../lib/gcc/arm-none-eabi/6.3.1/../../../../arm-none-eabi/lib/thumb/v7e-m/fpv4-sp/hard\libcr_c.a(_cr_sbrk.o)
 .comment       0x0000007f       0x80 c:/nxp/mcuxpressoide_10.1.1_606/ide/tools/bin/../lib/gcc/arm-none-eabi/6.3.1/../../../../arm-none-eabi/lib/thumb/v7e-m/fpv4-sp/hard\libcr_c.a(_fdopen.o)
 .comment       0x0000007f       0x80 c:/nxp/mcuxpressoide_10.1.1_606/ide/tools/bin/../lib/gcc/arm-none-eabi/6.3.1/../../../../arm-none-eabi/lib/thumb/v7e-m/fpv4-sp/hard\libcr_c.a(errno.o)
 .comment       0x0000007f       0x80 c:/nxp/mcuxpressoide_10.1.1_606/ide/tools/bin/../lib/gcc/arm-none-eabi/6.3.1/../../../../arm-none-eabi/lib/thumb/v7e-m/fpv4-sp/hard\libcr_c.a(fclose.o)
 .comment       0x0000007f       0x80 c:/nxp/mcuxpressoide_10.1.1_606/ide/tools/bin/../lib/gcc/arm-none-eabi/6.3.1/../../../../arm-none-eabi/lib/thumb/v7e-m/fpv4-sp/hard\libcr_c.a(fflush.o)
 .comment       0x0000007f       0x80 c:/nxp/mcuxpressoide_10.1.1_606/ide/tools/bin/../lib/gcc/arm-none-eabi/6.3.1/../../../../arm-none-eabi/lib/thumb/v7e-m/fpv4-sp/hard\libcr_c.a(remove.o)
 .comment       0x0000007f       0x80 c:/nxp/mcuxpressoide_10.1.1_606/ide/tools/bin/../lib/gcc/arm-none-eabi/6.3.1/../../../../arm-none-eabi/lib/thumb/v7e-m/fpv4-sp/hard\libcr_c.a(_cr_check_heap.o)
 .comment       0x0000007f       0x80 c:/nxp/mcuxpressoide_10.1.1_606/ide/tools/bin/../lib/gcc/arm-none-eabi/6.3.1/../../../../arm-none-eabi/lib/thumb/v7e-m/fpv4-sp/hard\libcr_c.a(_do_fflush.o)
 .comment       0x0000007f       0x80 c:/nxp/mcuxpressoide_10.1.1_606/ide/tools/bin/../lib/gcc/arm-none-eabi/6.3.1/thumb/v7e-m/fpv4-sp/hard\libcr_eabihelpers.a(double.o)
 .comment       0x0000007f       0x80 c:/nxp/mcuxpressoide_10.1.1_606/ide/tools/bin/../lib/gcc/arm-none-eabi/6.3.1/../../../../arm-none-eabi/lib/thumb/v7e-m/fpv4-sp/hard\libcr_nohost_nf.a(__sys_close.o)
 .comment       0x0000007f       0x80 c:/nxp/mcuxpressoide_10.1.1_606/ide/tools/bin/../lib/gcc/arm-none-eabi/6.3.1/../../../../arm-none-eabi/lib/thumb/v7e-m/fpv4-sp/hard\libcr_nohost_nf.a(__sys_flen.o)
 .comment       0x0000007f       0x80 c:/nxp/mcuxpressoide_10.1.1_606/ide/tools/bin/../lib/gcc/arm-none-eabi/6.3.1/../../../../arm-none-eabi/lib/thumb/v7e-m/fpv4-sp/hard\libcr_nohost_nf.a(__sys_istty.o)
 .comment       0x0000007f       0x80 c:/nxp/mcuxpressoide_10.1.1_606/ide/tools/bin/../lib/gcc/arm-none-eabi/6.3.1/../../../../arm-none-eabi/lib/thumb/v7e-m/fpv4-sp/hard\libcr_nohost_nf.a(__sys_remove.o)
 .comment       0x0000007f       0x80 c:/nxp/mcuxpressoide_10.1.1_606/ide/tools/bin/../lib/gcc/arm-none-eabi/6.3.1/../../../../arm-none-eabi/lib/thumb/v7e-m/fpv4-sp/hard\libcr_nohost_nf.a(__sys_seek.o)
 .comment       0x0000007f       0x80 c:/nxp/mcuxpressoide_10.1.1_606/ide/tools/bin/../lib/gcc/arm-none-eabi/6.3.1/../../../../arm-none-eabi/lib/thumb/v7e-m/fpv4-sp/hard\libcr_nohost_nf.a(__sys_tmpnam.o)
 .comment       0x0000007f       0x80 c:/nxp/mcuxpressoide_10.1.1_606/ide/tools/bin/../lib/gcc/arm-none-eabi/6.3.1/../../../../arm-none-eabi/lib/thumb/v7e-m/fpv4-sp/hard\libcr_nohost_nf.a(__sys_write.o)

.ARM.attributes
                0x00000000       0x37
 .ARM.attributes
                0x00000000       0x39 ./utilities/fsl_debug_console.o
 .ARM.attributes
                0x00000039       0x39 ./utilities/fsl_io.o
 .ARM.attributes
                0x00000072       0x39 ./utilities/fsl_log.o
 .ARM.attributes
                0x000000ab       0x39 ./utilities/fsl_str.o
 .ARM.attributes
                0x000000e4       0x39 ./startup/startup_mk64f12.o
 .ARM.attributes
                0x0000011d       0x39 ./source/Tarea-3.o
 .ARM.attributes
                0x00000156       0x39 ./source/semihost_hardfault.o
 .ARM.attributes
                0x0000018f       0x39 ./source/varidic.o
 .ARM.attributes
                0x000001c8       0x39 ./drivers/fsl_clock.o
 .ARM.attributes
                0x00000201       0x39 ./drivers/fsl_flash.o
 .ARM.attributes
                0x0000023a       0x39 ./drivers/fsl_smc.o
 .ARM.attributes
                0x00000273       0x39 ./drivers/fsl_uart.o
 .ARM.attributes
                0x000002ac       0x39 ./board/board.o
 .ARM.attributes
                0x000002e5       0x39 ./board/clock_config.o
 .ARM.attributes
                0x0000031e       0x39 ./board/peripherals.o
 .ARM.attributes
                0x00000357       0x39 ./board/pin_mux.o
 .ARM.attributes
                0x00000390       0x39 ./CMSIS/system_MK64F12.o
 .ARM.attributes
                0x000003c9       0x39 c:/nxp/mcuxpressoide_10.1.1_606/ide/tools/bin/../lib/gcc/arm-none-eabi/6.3.1/../../../../arm-none-eabi/lib/thumb/v7e-m/fpv4-sp/hard\libcr_nohost_nf.a(_cr__main.o)
 .ARM.attributes
                0x00000402       0x39 c:/nxp/mcuxpressoide_10.1.1_606/ide/tools/bin/../lib/gcc/arm-none-eabi/6.3.1/../../../../arm-none-eabi/lib/thumb/v7e-m/fpv4-sp/hard\libcr_nohost_nf.a(_cr_assert.o)
 .ARM.attributes
                0x0000043b       0x39 c:/nxp/mcuxpressoide_10.1.1_606/ide/tools/bin/../lib/gcc/arm-none-eabi/6.3.1/../../../../arm-none-eabi/lib/thumb/v7e-m/fpv4-sp/hard\libcr_nohost_nf.a(__ciob.o)
 .ARM.attributes
                0x00000474       0x39 c:/nxp/mcuxpressoide_10.1.1_606/ide/tools/bin/../lib/gcc/arm-none-eabi/6.3.1/../../../../arm-none-eabi/lib/thumb/v7e-m/fpv4-sp/hard\libcr_nohost_nf.a(__sys_appexit.o)
 .ARM.attributes
                0x000004ad       0x39 c:/nxp/mcuxpressoide_10.1.1_606/ide/tools/bin/../lib/gcc/arm-none-eabi/6.3.1/../../../../arm-none-eabi/lib/thumb/v7e-m/fpv4-sp/hard\libcr_c.a(memcpy.o)
 .ARM.attributes
                0x000004e6       0x39 c:/nxp/mcuxpressoide_10.1.1_606/ide/tools/bin/../lib/gcc/arm-none-eabi/6.3.1/../../../../arm-none-eabi/lib/thumb/v7e-m/fpv4-sp/hard\libcr_c.a(memset.o)
 .ARM.attributes
                0x0000051f       0x39 c:/nxp/mcuxpressoide_10.1.1_606/ide/tools/bin/../lib/gcc/arm-none-eabi/6.3.1/../../../../arm-none-eabi/lib/thumb/v7e-m/fpv4-sp/hard\libcr_c.a(_deferredlazyseek.o)
 .ARM.attributes
                0x00000558       0x39 c:/nxp/mcuxpressoide_10.1.1_606/ide/tools/bin/../lib/gcc/arm-none-eabi/6.3.1/../../../../arm-none-eabi/lib/thumb/v7e-m/fpv4-sp/hard\libcr_c.a(_fflush.o)
 .ARM.attributes
                0x00000591       0x39 c:/nxp/mcuxpressoide_10.1.1_606/ide/tools/bin/../lib/gcc/arm-none-eabi/6.3.1/../../../../arm-none-eabi/lib/thumb/v7e-m/fpv4-sp/hard\libcr_c.a(_writebuf.o)
 .ARM.attributes
                0x000005ca       0x39 c:/nxp/mcuxpressoide_10.1.1_606/ide/tools/bin/../lib/gcc/arm-none-eabi/6.3.1/../../../../arm-none-eabi/lib/thumb/v7e-m/fpv4-sp/hard\libcr_c.a(alloc.o)
 .ARM.attributes
                0x00000603       0x39 c:/nxp/mcuxpressoide_10.1.1_606/ide/tools/bin/../lib/gcc/arm-none-eabi/6.3.1/../../../../arm-none-eabi/lib/thumb/v7e-m/fpv4-sp/hard\libcr_c.a(fputs.o)
 .ARM.attributes
                0x0000063c       0x39 c:/nxp/mcuxpressoide_10.1.1_606/ide/tools/bin/../lib/gcc/arm-none-eabi/6.3.1/../../../../arm-none-eabi/lib/thumb/v7e-m/fpv4-sp/hard\libcr_c.a(fseek.o)
 .ARM.attributes
                0x00000675       0x39 c:/nxp/mcuxpressoide_10.1.1_606/ide/tools/bin/../lib/gcc/arm-none-eabi/6.3.1/../../../../arm-none-eabi/lib/thumb/v7e-m/fpv4-sp/hard\libcr_c.a(ftell.o)
 .ARM.attributes
                0x000006ae       0x39 c:/nxp/mcuxpressoide_10.1.1_606/ide/tools/bin/../lib/gcc/arm-none-eabi/6.3.1/../../../../arm-none-eabi/lib/thumb/v7e-m/fpv4-sp/hard\libcr_c.a(initio.o)
 .ARM.attributes
                0x000006e7       0x39 c:/nxp/mcuxpressoide_10.1.1_606/ide/tools/bin/../lib/gcc/arm-none-eabi/6.3.1/../../../../arm-none-eabi/lib/thumb/v7e-m/fpv4-sp/hard\libcr_c.a(printf.o)
 .ARM.attributes
                0x00000720       0x39 c:/nxp/mcuxpressoide_10.1.1_606/ide/tools/bin/../lib/gcc/arm-none-eabi/6.3.1/../../../../arm-none-eabi/lib/thumb/v7e-m/fpv4-sp/hard\libcr_c.a(setvbuf.o)
 .ARM.attributes
                0x00000759       0x39 c:/nxp/mcuxpressoide_10.1.1_606/ide/tools/bin/../lib/gcc/arm-none-eabi/6.3.1/../../../../arm-none-eabi/lib/thumb/v7e-m/fpv4-sp/hard\libcr_c.a(strlen.o)
 .ARM.attributes
                0x00000792       0x39 c:/nxp/mcuxpressoide_10.1.1_606/ide/tools/bin/../lib/gcc/arm-none-eabi/6.3.1/../../../../arm-none-eabi/lib/thumb/v7e-m/fpv4-sp/hard\libcr_c.a(__init_alloc.o)
 .ARM.attributes
                0x000007cb       0x39 c:/nxp/mcuxpressoide_10.1.1_606/ide/tools/bin/../lib/gcc/arm-none-eabi/6.3.1/../../../../arm-none-eabi/lib/thumb/v7e-m/fpv4-sp/hard\libcr_c.a(_cr_sbrk.o)
 .ARM.attributes
                0x00000804       0x39 c:/nxp/mcuxpressoide_10.1.1_606/ide/tools/bin/../lib/gcc/arm-none-eabi/6.3.1/../../../../arm-none-eabi/lib/thumb/v7e-m/fpv4-sp/hard\libcr_c.a(_fdopen.o)
 .ARM.attributes
                0x0000083d       0x39 c:/nxp/mcuxpressoide_10.1.1_606/ide/tools/bin/../lib/gcc/arm-none-eabi/6.3.1/../../../../arm-none-eabi/lib/thumb/v7e-m/fpv4-sp/hard\libcr_c.a(errno.o)
 .ARM.attributes
                0x00000876       0x39 c:/nxp/mcuxpressoide_10.1.1_606/ide/tools/bin/../lib/gcc/arm-none-eabi/6.3.1/../../../../arm-none-eabi/lib/thumb/v7e-m/fpv4-sp/hard\libcr_c.a(fclose.o)
 .ARM.attributes
                0x000008af       0x39 c:/nxp/mcuxpressoide_10.1.1_606/ide/tools/bin/../lib/gcc/arm-none-eabi/6.3.1/../../../../arm-none-eabi/lib/thumb/v7e-m/fpv4-sp/hard\libcr_c.a(fflush.o)
 .ARM.attributes
                0x000008e8       0x39 c:/nxp/mcuxpressoide_10.1.1_606/ide/tools/bin/../lib/gcc/arm-none-eabi/6.3.1/../../../../arm-none-eabi/lib/thumb/v7e-m/fpv4-sp/hard\libcr_c.a(remove.o)
 .ARM.attributes
                0x00000921       0x39 c:/nxp/mcuxpressoide_10.1.1_606/ide/tools/bin/../lib/gcc/arm-none-eabi/6.3.1/../../../../arm-none-eabi/lib/thumb/v7e-m/fpv4-sp/hard\libcr_c.a(_cr_check_heap.o)
 .ARM.attributes
                0x0000095a       0x39 c:/nxp/mcuxpressoide_10.1.1_606/ide/tools/bin/../lib/gcc/arm-none-eabi/6.3.1/../../../../arm-none-eabi/lib/thumb/v7e-m/fpv4-sp/hard\libcr_c.a(_do_fflush.o)
 .ARM.attributes
                0x00000993       0x39 c:/nxp/mcuxpressoide_10.1.1_606/ide/tools/bin/../lib/gcc/arm-none-eabi/6.3.1/thumb/v7e-m/fpv4-sp/hard\libcr_eabihelpers.a(double.o)
 .ARM.attributes
                0x000009cc       0x25 c:/nxp/mcuxpressoide_10.1.1_606/ide/tools/bin/../lib/gcc/arm-none-eabi/6.3.1/thumb/v7e-m/fpv4-sp/hard\libcr_eabihelpers.a(memcpy.o)
 .ARM.attributes
                0x000009f1       0x39 c:/nxp/mcuxpressoide_10.1.1_606/ide/tools/bin/../lib/gcc/arm-none-eabi/6.3.1/../../../../arm-none-eabi/lib/thumb/v7e-m/fpv4-sp/hard\libcr_nohost_nf.a(__sys_close.o)
 .ARM.attributes
                0x00000a2a       0x39 c:/nxp/mcuxpressoide_10.1.1_606/ide/tools/bin/../lib/gcc/arm-none-eabi/6.3.1/../../../../arm-none-eabi/lib/thumb/v7e-m/fpv4-sp/hard\libcr_nohost_nf.a(__sys_flen.o)
 .ARM.attributes
                0x00000a63       0x39 c:/nxp/mcuxpressoide_10.1.1_606/ide/tools/bin/../lib/gcc/arm-none-eabi/6.3.1/../../../../arm-none-eabi/lib/thumb/v7e-m/fpv4-sp/hard\libcr_nohost_nf.a(__sys_istty.o)
 .ARM.attributes
                0x00000a9c       0x39 c:/nxp/mcuxpressoide_10.1.1_606/ide/tools/bin/../lib/gcc/arm-none-eabi/6.3.1/../../../../arm-none-eabi/lib/thumb/v7e-m/fpv4-sp/hard\libcr_nohost_nf.a(__sys_remove.o)
 .ARM.attributes
                0x00000ad5       0x39 c:/nxp/mcuxpressoide_10.1.1_606/ide/tools/bin/../lib/gcc/arm-none-eabi/6.3.1/../../../../arm-none-eabi/lib/thumb/v7e-m/fpv4-sp/hard\libcr_nohost_nf.a(__sys_seek.o)
 .ARM.attributes
                0x00000b0e       0x39 c:/nxp/mcuxpressoide_10.1.1_606/ide/tools/bin/../lib/gcc/arm-none-eabi/6.3.1/../../../../arm-none-eabi/lib/thumb/v7e-m/fpv4-sp/hard\libcr_nohost_nf.a(__sys_tmpnam.o)
 .ARM.attributes
                0x00000b47       0x39 c:/nxp/mcuxpressoide_10.1.1_606/ide/tools/bin/../lib/gcc/arm-none-eabi/6.3.1/../../../../arm-none-eabi/lib/thumb/v7e-m/fpv4-sp/hard\libcr_nohost_nf.a(__sys_write.o)

.debug_frame    0x00000000     0x2674
 .debug_frame   0x00000000      0x150 ./utilities/fsl_debug_console.o
 .debug_frame   0x00000150       0xe0 ./utilities/fsl_io.o
 .debug_frame   0x00000230      0x120 ./utilities/fsl_log.o
 .debug_frame   0x00000350       0xb4 ./utilities/fsl_str.o
 .debug_frame   0x00000404      0x904 ./startup/startup_mk64f12.o
 .debug_frame   0x00000d08       0x2c ./source/Tarea-3.o
 .debug_frame   0x00000d34       0x20 ./source/semihost_hardfault.o
 .debug_frame   0x00000d54       0x70 ./source/varidic.o
 .debug_frame   0x00000dc4      0x820 ./drivers/fsl_clock.o
 .debug_frame   0x000015e4      0x60c ./drivers/fsl_flash.o
 .debug_frame   0x00001bf0      0x220 ./drivers/fsl_smc.o
 .debug_frame   0x00001e10      0x5ec ./drivers/fsl_uart.o
 .debug_frame   0x000023fc       0x34 ./board/board.o
 .debug_frame   0x00002430      0x124 ./board/clock_config.o
 .debug_frame   0x00002554       0x30 ./board/peripherals.o
 .debug_frame   0x00002584       0x98 ./board/pin_mux.o
 .debug_frame   0x0000261c       0x58 ./CMSIS/system_MK64F12.o

.debug_ranges   0x00000000       0x78
 .debug_ranges  0x00000000       0x78 ./startup/startup_mk64f12.o
